// Jest Snapshot v1, https://goo.gl/fbAQLP

exports[`Shows home page with mocked results 1`] = `
.c0 {
  position: -webkit-sticky;
  position: sticky;
  top: 50px;
  padding: 20px 0 0;
  background: #fff;
}

<div>
  <div
    class="ui container"
  >
    <div
      class="ui horizontal divider"
    >
      <h1
        class="ui header"
      >
        Breweries
        <i
          aria-hidden="true"
          class="teal icon beer"
        />
      </h1>
    </div>
    <p
      class="ui center aligned header"
    >
      Select a brewery, click on a location or click a website link to view more information
    </p>
    <div
      class="c0"
    >
      <form
        class="ui form"
      >
        <div
          class="equal width fields"
        >
          <div
            class="field"
          >
            Sort by 
            <i
              aria-hidden="true"
              class="icon sort amount down"
            />
            <div
              aria-expanded="false"
              class="ui selection dropdown"
              role="listbox"
              tabindex="0"
            >
              <div
                aria-atomic="true"
                aria-live="polite"
                class="divider text"
                role="alert"
              >
                Name
              </div>
              <i
                aria-hidden="true"
                class="dropdown icon"
              />
              <div
                class="menu transition"
              >
                <div
                  aria-checked="true"
                  aria-selected="true"
                  class="active selected item"
                  role="option"
                  style="pointer-events: all;"
                >
                  <span
                    class="text"
                  >
                    Name
                  </span>
                </div>
                <div
                  aria-checked="false"
                  aria-selected="false"
                  class="item"
                  role="option"
                  style="pointer-events: all;"
                >
                  <span
                    class="text"
                  >
                    State
                  </span>
                </div>
                <div
                  aria-checked="false"
                  aria-selected="false"
                  class="item"
                  role="option"
                  style="pointer-events: all;"
                >
                  <span
                    class="text"
                  >
                    Type
                  </span>
                </div>
              </div>
            </div>
          </div>
          <div
            class="field"
          >
            Filter by type 
            <i
              aria-hidden="true"
              class="icon filter"
            />
            <div
              aria-expanded="false"
              class="ui selection dropdown"
              role="listbox"
              tabindex="0"
            >
              <div
                aria-atomic="true"
                aria-live="polite"
                class="divider text"
                role="alert"
              >
                All
              </div>
              <i
                aria-hidden="true"
                class="dropdown icon"
              />
              <div
                class="menu transition"
              >
                <div
                  aria-checked="true"
                  aria-selected="true"
                  class="active selected item"
                  role="option"
                  style="pointer-events: all;"
                >
                  <span
                    class="text"
                  >
                    All
                  </span>
                </div>
                <div
                  aria-checked="false"
                  aria-selected="false"
                  class="item"
                  role="option"
                  style="pointer-events: all;"
                >
                  <span
                    class="text"
                  >
                    Bar
                  </span>
                </div>
                <div
                  aria-checked="false"
                  aria-selected="false"
                  class="item"
                  role="option"
                  style="pointer-events: all;"
                >
                  <span
                    class="text"
                  >
                    Brewpub
                  </span>
                </div>
                <div
                  aria-checked="false"
                  aria-selected="false"
                  class="item"
                  role="option"
                  style="pointer-events: all;"
                >
                  <span
                    class="text"
                  >
                    Closed
                  </span>
                </div>
                <div
                  aria-checked="false"
                  aria-selected="false"
                  class="item"
                  role="option"
                  style="pointer-events: all;"
                >
                  <span
                    class="text"
                  >
                    Contract
                  </span>
                </div>
                <div
                  aria-checked="false"
                  aria-selected="false"
                  class="item"
                  role="option"
                  style="pointer-events: all;"
                >
                  <span
                    class="text"
                  >
                    Large
                  </span>
                </div>
                <div
                  aria-checked="false"
                  aria-selected="false"
                  class="item"
                  role="option"
                  style="pointer-events: all;"
                >
                  <span
                    class="text"
                  >
                    Micro
                  </span>
                </div>
                <div
                  aria-checked="false"
                  aria-selected="false"
                  class="item"
                  role="option"
                  style="pointer-events: all;"
                >
                  <span
                    class="text"
                  >
                    Nano
                  </span>
                </div>
                <div
                  aria-checked="false"
                  aria-selected="false"
                  class="item"
                  role="option"
                  style="pointer-events: all;"
                >
                  <span
                    class="text"
                  >
                    Planning
                  </span>
                </div>
                <div
                  aria-checked="false"
                  aria-selected="false"
                  class="item"
                  role="option"
                  style="pointer-events: all;"
                >
                  <span
                    class="text"
                  >
                    Proprietor
                  </span>
                </div>
                <div
                  aria-checked="false"
                  aria-selected="false"
                  class="item"
                  role="option"
                  style="pointer-events: all;"
                >
                  <span
                    class="text"
                  >
                    Regional
                  </span>
                </div>
              </div>
            </div>
          </div>
        </div>
      </form>
    </div>
    <table
      class="ui teal fixed striped padded table"
    >
      <thead
        class=""
      >
        <tr
          class=""
        >
          <th
            class=""
          >
            Name
          </th>
          <th
            class=""
          >
            Location
          </th>
          <th
            class=""
          >
            Website
          </th>
        </tr>
      </thead>
      <tbody
        class=""
      >
        <tr
          class="brewery-item"
        >
          <td
            class="selectable"
          >
            <a
              href="/brewery-detail/1"
            >
              <strong>
                Fake 1
              </strong>
            </a>
          </td>
          <td
            class="disabled selectable"
          >
            <a
              href="https://www.google.com/maps/place/undefined undefined"
              target="__blank"
            >
              <address />
            </a>
          </td>
          <td
            class="disabled selectable"
          />
        </tr>
        <tr
          class="brewery-item"
        >
          <td
            class="selectable"
          >
            <a
              href="/brewery-detail/2"
            >
              <strong>
                Fake 2
              </strong>
            </a>
          </td>
          <td
            class="disabled selectable"
          >
            <a
              href="https://www.google.com/maps/place/undefined undefined"
              target="__blank"
            >
              <address />
            </a>
          </td>
          <td
            class="disabled selectable"
          />
        </tr>
        <tr
          class="brewery-item"
        >
          <td
            class="selectable"
          >
            <a
              href="/brewery-detail/3"
            >
              <strong>
                Fake 3
              </strong>
            </a>
          </td>
          <td
            class="disabled selectable"
          >
            <a
              href="https://www.google.com/maps/place/undefined undefined"
              target="__blank"
            >
              <address />
            </a>
          </td>
          <td
            class="disabled selectable"
          />
        </tr>
        <tr
          class="brewery-item"
        >
          <td
            class="selectable"
          >
            <a
              href="/brewery-detail/4"
            >
              <strong>
                Fake 4
              </strong>
            </a>
          </td>
          <td
            class="disabled selectable"
          >
            <a
              href="https://www.google.com/maps/place/undefined undefined"
              target="__blank"
            >
              <address />
            </a>
          </td>
          <td
            class="disabled selectable"
          />
        </tr>
      </tbody>
      <tfoot
        class=""
      >
        <tr
          class=""
        >
          <th
            class=""
          >
            <button
              class="ui teal icon disabled right labeled button"
              disabled=""
              tabindex="-1"
            >
              Show more 
              <i
                aria-hidden="true"
                class="arrow down icon"
              />
            </button>
          </th>
          <th
            class=""
          />
          <th
            class=""
          />
        </tr>
      </tfoot>
    </table>
    <div
      class="ui horizontal divider"
    />
  </div>
</div>
`;
